2026-10-02 14:05:50,268 ERROR __main__: Error técnico en la interfaz de consola:
Traceback (most recent call last):
  File "c:\viajeaventura\main.py", line 389, in main
    inicializar_aplicacion()
    ~~~~~~~~~~~~~~~~~~~~~~^^
  File "c:\viajeaventura\main.py", line 61, in inicializar_aplicacion
    base_datos = BaseDatos()
  File "c:\viajeaventura\repositorios\db_setup.py", line 43, in __init__
    self.migrar_desde(migrar_desde)
    ~~~~~~~~~~~~~~~~~^^^^^^^^^^^^^^
  File "c:\viajeaventura\repositorios\db_setup.py", line 127, in migrar_desde
    rut if rut.startswith("gAAAAA") else encrypt_data(rut),
                                         ~~~~~~~~~~~~^^^^^
  File "c:\viajeaventura\seguridad\seguridad.py", line 57, in encrypt_data
    return _fernet().encrypt(plain_text.encode("utf-8")).decode("ascii")
           ~~~~~~~^^
  File "c:\viajeaventura\seguridad\seguridad.py", line 47, in _fernet
    raise RuntimeError(
        "Configure VIAJES_FERNET_KEY con una clave Fernet válida."
    )
RuntimeError: Configure VIAJES_FERNET_KEY con una clave Fernet válida.

2026-10-02 14:05:57,422 ERROR __main__: Error técnico en la interfaz de consola:
Traceback (most recent call last):
  File "c:\viajeaventura\main.py", line 389, in main
    inicializar_aplicacion()
    ~~~~~~~~~~~~~~~~~~~~~~^^
  File "c:\viajeaventura\main.py", line 61, in inicializar_aplicacion
    base_datos = BaseDatos()
  File "c:\viajeaventura\repositorios\db_setup.py", line 43, in __init__
    self.migrar_desde(migrar_desde)
    ~~~~~~~~~~~~~~~~~^^^^^^^^^^^^^^
  File "c:\viajeaventura\repositorios\db_setup.py", line 127, in migrar_desde
    rut if rut.startswith("gAAAAA") else encrypt_data(rut),
                                         ~~~~~~~~~~~~^^^^^
  File "c:\viajeaventura\seguridad\seguridad.py", line 57, in encrypt_data
    return _fernet().encrypt(plain_text.encode("utf-8")).decode("ascii")
           ~~~~~~~^^
  File "c:\viajeaventura\seguridad\seguridad.py", line 47, in _fernet
    raise RuntimeError(
        "Configure VIAJES_FERNET_KEY con una clave Fernet válida."
    )
RuntimeError: Configure VIAJES_FERNET_KEY con una clave Fernet válida.

2026-10-02 14:06:48,350 ERROR __main__: Error técnico en la interfaz de consola:
Traceback (most recent call last):
  File "C:\viajeaventura\main.py", line 389, in main
    inicializar_aplicacion()
    ~~~~~~~~~~~~~~~~~~~~~~^^
  File "C:\viajeaventura\main.py", line 61, in inicializar_aplicacion
    base_datos = BaseDatos()
  File "C:\viajeaventura\repositorios\db_setup.py", line 43, in __init__
    self.migrar_desde(migrar_desde)
    ~~~~~~~~~~~~~~~~~^^^^^^^^^^^^^^
  File "C:\viajeaventura\repositorios\db_setup.py", line 127, in migrar_desde
    rut if rut.startswith("gAAAAA") else encrypt_data(rut),
                                         ~~~~~~~~~~~~^^^^^
  File "C:\viajeaventura\seguridad\seguridad.py", line 57, in encrypt_data
    return _fernet().encrypt(plain_text.encode("utf-8")).decode("ascii")
           ~~~~~~~^^
  File "C:\viajeaventura\seguridad\seguridad.py", line 47, in _fernet
    raise RuntimeError(
        "Configure VIAJES_FERNET_KEY con una clave Fernet válida."
    )
RuntimeError: Configure VIAJES_FERNET_KEY con una clave Fernet válida.

2026-10-02 14:11:13,750 ERROR __main__: Error técnico en la interfaz de consola:
Traceback (most recent call last):
  File "c:\viajeaventura\main.py", line 399, in main
    registrar_cliente()
    ~~~~~~~~~~~~~~~~~^^
  File "c:\viajeaventura\main.py", line 285, in registrar_cliente
    correo = solicitar_dato(
        "Correo: ",
        Validador.validar_correo,
        validar_correo_disponible
    )
  File "c:\viajeaventura\main.py", line 238, in solicitar_dato
    comprobar_disponibilidad(valor)
    ~~~~~~~~~~~~~~~~~~~~~~~~^^^^^^^
  File "c:\viajeaventura\main.py", line 248, in validar_correo_disponible
    if cliente_repo.buscar_por_correo(correo):
       ~~~~~~~~~~~~~~~~~~~~~~~~~~~~~~^^^^^^^^
  File "c:\viajeaventura\repositorios\cliente_repositorio.py", line 79, in buscar_por_correo
    return self.__desde_fila(fila) if fila else None
           ~~~~~~~~~~~~~~~~~^^^^^^
  File "c:\viajeaventura\repositorios\cliente_repositorio.py", line 175, in __desde_fila
    decrypt_data(fila["rut"]),
    ~~~~~~~~~~~~^^^^^^^^^^^^^
  File "c:\viajeaventura\seguridad\seguridad.py", line 62, in decrypt_data
    return _fernet().decrypt(cipher_text.encode("ascii")).decode("utf-8")
           ~~~~~~~^^
  File "c:\viajeaventura\seguridad\seguridad.py", line 47, in _fernet
    raise RuntimeError(
        "Configure VIAJES_FERNET_KEY con una clave Fernet válida."
    )
RuntimeError: Configure VIAJES_FERNET_KEY con una clave Fernet válida.

2026-10-02 14:14:57,713 ERROR __main__: Error técnico en la interfaz de consola:
Traceback (most recent call last):
  File "c:\viajeaventura\main.py", line 401, in main
    login_cliente()
    ~~~~~~~~~~~~~^^
  File "c:\viajeaventura\main.py", line 316, in login_cliente
    sesion = auth.iniciar_sesion(correo, password)
  File "c:\viajeaventura\servicios\autenticacion_servicio.py", line 49, in iniciar_sesion
    cliente = self.__cliente_repo.buscar_por_correo(correo)
  File "c:\viajeaventura\repositorios\cliente_repositorio.py", line 79, in buscar_por_correo
    return self.__desde_fila(fila) if fila else None
           ~~~~~~~~~~~~~~~~~^^^^^^
  File "c:\viajeaventura\repositorios\cliente_repositorio.py", line 175, in __desde_fila
    decrypt_data(fila["rut"]),
    ~~~~~~~~~~~~^^^^^^^^^^^^^
  File "c:\viajeaventura\seguridad\seguridad.py", line 62, in decrypt_data
    return _fernet().decrypt(cipher_text.encode("ascii")).decode("utf-8")
           ~~~~~~~^^
  File "c:\viajeaventura\seguridad\seguridad.py", line 47, in _fernet
    raise RuntimeError(
        "Configure VIAJES_FERNET_KEY con una clave Fernet válida."
    )
RuntimeError: Configure VIAJES_FERNET_KEY con una clave Fernet válida.

2026-10-02 14:17:28,879 ERROR __main__: Error técnico en la interfaz de consola:
Traceback (most recent call last):
  File "c:\viajeaventura\main.py", line 399, in main
    registrar_cliente()
    ~~~~~~~~~~~~~~~~~^^
  File "c:\viajeaventura\main.py", line 296, in registrar_cliente
    auth.registrar_cliente(
    ~~~~~~~~~~~~~~~~~~~~~~^
        nombre,
        ^^^^^^^
    ...<3 lines>...
        password
        ^^^^^^^^
    )
    ^
  File "c:\viajeaventura\servicios\autenticacion_servicio.py", line 44, in registrar_cliente
    self.__cliente_repo.agregar(cliente)
    ~~~~~~~~~~~~~~~~~~~~~~~~~~~^^^^^^^^^
  File "c:\viajeaventura\repositorios\cliente_repositorio.py", line 42, in agregar
    if self.buscar_por_rut(cliente.rut):
       ~~~~~~~~~~~~~~~~~~~^^^^^^^^^^^^^
  File "c:\viajeaventura\repositorios\cliente_repositorio.py", line 159, in buscar_por_rut
    cliente = self.__desde_fila(fila)
  File "c:\viajeaventura\repositorios\cliente_repositorio.py", line 175, in __desde_fila
    decrypt_data(fila["rut"]),
    ~~~~~~~~~~~~^^^^^^^^^^^^^
  File "c:\viajeaventura\seguridad\seguridad.py", line 62, in decrypt_data
    return _fernet().decrypt(cipher_text.encode("ascii")).decode("utf-8")
           ~~~~~~~^^
  File "c:\viajeaventura\seguridad\seguridad.py", line 47, in _fernet
    raise RuntimeError(
        "Configure VIAJES_FERNET_KEY con una clave Fernet válida."
    )
RuntimeError: Configure VIAJES_FERNET_KEY con una clave Fernet válida.

2026-10-02 14:25:09,031 ERROR __main__: Error técnico en la interfaz de consola:
Traceback (most recent call last):
  File "c:\viajeaventura\main.py", line 399, in main
    registrar_cliente()
    ~~~~~~~~~~~~~~~~~^^
  File "c:\viajeaventura\main.py", line 296, in registrar_cliente
    auth.registrar_cliente(
    ~~~~~~~~~~~~~~~~~~~~~~^
        nombre,
        ^^^^^^^
    ...<3 lines>...
        password
        ^^^^^^^^
    )
    ^
  File "c:\viajeaventura\servicios\autenticacion_servicio.py", line 44, in registrar_cliente
    self.__cliente_repo.agregar(cliente)
    ~~~~~~~~~~~~~~~~~~~~~~~~~~~^^^^^^^^^
  File "c:\viajeaventura\repositorios\cliente_repositorio.py", line 42, in agregar
    if self.buscar_por_rut(cliente.rut):
       ~~~~~~~~~~~~~~~~~~~^^^^^^^^^^^^^
  File "c:\viajeaventura\repositorios\cliente_repositorio.py", line 159, in buscar_por_rut
    cliente = self.__desde_fila(fila)
  File "c:\viajeaventura\repositorios\cliente_repositorio.py", line 175, in __desde_fila
    decrypt_data(fila["rut"]),
    ~~~~~~~~~~~~^^^^^^^^^^^^^
  File "c:\viajeaventura\seguridad\seguridad.py", line 62, in decrypt_data
    return _fernet().decrypt(cipher_text.encode("ascii")).decode("utf-8")
           ~~~~~~~^^
  File "c:\viajeaventura\seguridad\seguridad.py", line 47, in _fernet
    raise RuntimeError(
        "Configure VIAJES_FERNET_KEY con una clave Fernet válida."
    )
RuntimeError: Configure VIAJES_FERNET_KEY con una clave Fernet válida.

2026-10-02 14:25:54,502 ERROR __main__: Error técnico en la interfaz de consola:
Traceback (most recent call last):
  File "c:\viajeaventura\main.py", line 401, in main
    login_cliente()
    ~~~~~~~~~~~~~^^
  File "c:\viajeaventura\main.py", line 316, in login_cliente
    sesion = auth.iniciar_sesion(correo, password)
  File "c:\viajeaventura\servicios\autenticacion_servicio.py", line 49, in iniciar_sesion
    cliente = self.__cliente_repo.buscar_por_correo(correo)
  File "c:\viajeaventura\repositorios\cliente_repositorio.py", line 79, in buscar_por_correo
    return self.__desde_fila(fila) if fila else None
           ~~~~~~~~~~~~~~~~~^^^^^^
  File "c:\viajeaventura\repositorios\cliente_repositorio.py", line 175, in __desde_fila
    decrypt_data(fila["rut"]),
    ~~~~~~~~~~~~^^^^^^^^^^^^^
  File "c:\viajeaventura\seguridad\seguridad.py", line 62, in decrypt_data
    return _fernet().decrypt(cipher_text.encode("ascii")).decode("utf-8")
           ~~~~~~~^^
  File "c:\viajeaventura\seguridad\seguridad.py", line 47, in _fernet
    raise RuntimeError(
        "Configure VIAJES_FERNET_KEY con una clave Fernet válida."
    )
RuntimeError: Configure VIAJES_FERNET_KEY con una clave Fernet válida.

2026-10-02 14:28:38,640 ERROR __main__: Error técnico en la interfaz de consola:
Traceback (most recent call last):
  File "c:\viajeaventura\main.py", line 400, in main
    login_cliente()
    ~~~~~~~~~~~~~^^
  File "c:\viajeaventura\main.py", line 316, in login_cliente
    sesion = auth.iniciar_sesion(correo, password)
  File "c:\viajeaventura\servicios\autenticacion_servicio.py", line 49, in iniciar_sesion
    cliente = self.__cliente_repo.buscar_por_correo(correo)
  File "c:\viajeaventura\repositorios\cliente_repositorio.py", line 79, in buscar_por_correo
    return self.__desde_fila(fila) if fila else None
           ~~~~~~~~~~~~~~~~~^^^^^^
  File "c:\viajeaventura\repositorios\cliente_repositorio.py", line 175, in __desde_fila
    decrypt_data(fila["rut"]),
    ~~~~~~~~~~~~^^^^^^^^^^^^^
  File "c:\viajeaventura\seguridad\seguridad.py", line 62, in decrypt_data
    return _fernet().decrypt(cipher_text.encode("ascii")).decode("utf-8")
           ~~~~~~~^^
  File "c:\viajeaventura\seguridad\seguridad.py", line 47, in _fernet
    raise RuntimeError(
        "Configure VIAJES_FERNET_KEY con una clave Fernet válida."
    )
RuntimeError: Configure VIAJES_FERNET_KEY con una clave Fernet válida.

2026-10-02 14:29:48,987 ERROR __main__: Error técnico en la interfaz de consola:
Traceback (most recent call last):
  File "c:\viajeaventura\main.py", line 398, in main
    registrar_cliente()
    ~~~~~~~~~~~~~~~~~^^
  File "c:\viajeaventura\main.py", line 296, in registrar_cliente
    auth.registrar_cliente(
    ~~~~~~~~~~~~~~~~~~~~~~^
        nombre,
        ^^^^^^^
    ...<3 lines>...
        password
        ^^^^^^^^
    )
    ^
  File "c:\viajeaventura\servicios\autenticacion_servicio.py", line 44, in registrar_cliente
    self.__cliente_repo.agregar(cliente)
    ~~~~~~~~~~~~~~~~~~~~~~~~~~~^^^^^^^^^
  File "c:\viajeaventura\repositorios\cliente_repositorio.py", line 42, in agregar
    if self.buscar_por_rut(cliente.rut):
       ~~~~~~~~~~~~~~~~~~~^^^^^^^^^^^^^
  File "c:\viajeaventura\repositorios\cliente_repositorio.py", line 159, in buscar_por_rut
    cliente = self.__desde_fila(fila)
  File "c:\viajeaventura\repositorios\cliente_repositorio.py", line 175, in __desde_fila
    decrypt_data(fila["rut"]),
    ~~~~~~~~~~~~^^^^^^^^^^^^^
  File "c:\viajeaventura\seguridad\seguridad.py", line 62, in decrypt_data
    return _fernet().decrypt(cipher_text.encode("ascii")).decode("utf-8")
           ~~~~~~~^^
  File "c:\viajeaventura\seguridad\seguridad.py", line 47, in _fernet
    raise RuntimeError(
        "Configure VIAJES_FERNET_KEY con una clave Fernet válida."
    )
RuntimeError: Configure VIAJES_FERNET_KEY con una clave Fernet válida.

2026-10-02 14:36:57,966 ERROR __main__: Error técnico en la interfaz de consola:
Traceback (most recent call last):
  File "c:\viajeaventura\main.py", line 398, in main
    registrar_cliente()
    ~~~~~~~~~~~~~~~~~^^
  File "c:\viajeaventura\main.py", line 296, in registrar_cliente
    auth.registrar_cliente(
    ~~~~~~~~~~~~~~~~~~~~~~^
        nombre,
        ^^^^^^^
    ...<3 lines>...
        password
        ^^^^^^^^
    )
    ^
  File "c:\viajeaventura\servicios\autenticacion_servicio.py", line 44, in registrar_cliente
    self.__cliente_repo.agregar(cliente)
    ~~~~~~~~~~~~~~~~~~~~~~~~~~~^^^^^^^^^
  File "c:\viajeaventura\repositorios\cliente_repositorio.py", line 42, in agregar
    if self.buscar_por_rut(cliente.rut):
       ~~~~~~~~~~~~~~~~~~~^^^^^^^^^^^^^
  File "c:\viajeaventura\repositorios\cliente_repositorio.py", line 159, in buscar_por_rut
    cliente = self.__desde_fila(fila)
  File "c:\viajeaventura\repositorios\cliente_repositorio.py", line 175, in __desde_fila
    decrypt_data(fila["rut"]),
    ~~~~~~~~~~~~^^^^^^^^^^^^^
  File "c:\viajeaventura\seguridad\seguridad.py", line 62, in decrypt_data
    return _fernet().decrypt(cipher_text.encode("ascii")).decode("utf-8")
           ~~~~~~~^^
  File "c:\viajeaventura\seguridad\seguridad.py", line 47, in _fernet
    raise RuntimeError(
        "Configure VIAJES_FERNET_KEY con una clave Fernet válida."
    )
RuntimeError: Configure VIAJES_FERNET_KEY con una clave Fernet válida.

2026-10-02 14:38:35,880 ERROR __main__: Error técnico en la interfaz de consola:
Traceback (most recent call last):
  File "c:\viajeaventura\main.py", line 398, in main
    registrar_cliente()
    ~~~~~~~~~~~~~~~~~^^
  File "c:\viajeaventura\main.py", line 296, in registrar_cliente
    auth.registrar_cliente(
    ~~~~~~~~~~~~~~~~~~~~~~^
        nombre,
        ^^^^^^^
    ...<3 lines>...
        password
        ^^^^^^^^
    )
    ^
  File "c:\viajeaventura\servicios\autenticacion_servicio.py", line 44, in registrar_cliente
    self.__cliente_repo.agregar(cliente)
    ~~~~~~~~~~~~~~~~~~~~~~~~~~~^^^^^^^^^
  File "c:\viajeaventura\repositorios\cliente_repositorio.py", line 42, in agregar
    if self.buscar_por_rut(cliente.rut):
       ~~~~~~~~~~~~~~~~~~~^^^^^^^^^^^^^
  File "c:\viajeaventura\repositorios\cliente_repositorio.py", line 159, in buscar_por_rut
    cliente = self.__desde_fila(fila)
  File "c:\viajeaventura\repositorios\cliente_repositorio.py", line 175, in __desde_fila
    decrypt_data(fila["rut"]),
    ~~~~~~~~~~~~^^^^^^^^^^^^^
  File "c:\viajeaventura\seguridad\seguridad.py", line 62, in decrypt_data
    return _fernet().decrypt(cipher_text.encode("ascii")).decode("utf-8")
           ~~~~~~~^^
  File "c:\viajeaventura\seguridad\seguridad.py", line 47, in _fernet
    raise RuntimeError(
        "Configure VIAJES_FERNET_KEY con una clave Fernet válida."
    )
RuntimeError: Configure VIAJES_FERNET_KEY con una clave Fernet válida.

2026-10-02 14:42:35,581 ERROR __main__: Error de configuración de seguridad en la interfaz de consola:
Traceback (most recent call last):
  File "c:\viajeaventura\main.py", line 308, in registrar_cliente
    auth.registrar_cliente(
    ~~~~~~~~~~~~~~~~~~~~~~^
        nombre,
        ^^^^^^^
    ...<3 lines>...
        password
        ^^^^^^^^
    )
    ^
  File "c:\viajeaventura\servicios\autenticacion_servicio.py", line 44, in registrar_cliente
    self.__cliente_repo.agregar(cliente)
    ~~~~~~~~~~~~~~~~~~~~~~~~~~~^^^^^^^^^
  File "c:\viajeaventura\repositorios\cliente_repositorio.py", line 42, in agregar
    if self.buscar_por_rut(cliente.rut):
       ~~~~~~~~~~~~~~~~~~~^^^^^^^^^^^^^
  File "c:\viajeaventura\repositorios\cliente_repositorio.py", line 159, in buscar_por_rut
    cliente = self.__desde_fila(fila)
  File "c:\viajeaventura\repositorios\cliente_repositorio.py", line 175, in __desde_fila
    decrypt_data(fila["rut"]),
    ~~~~~~~~~~~~^^^^^^^^^^^^^
  File "c:\viajeaventura\seguridad\seguridad.py", line 62, in decrypt_data
    return _fernet().decrypt(cipher_text.encode("ascii")).decode("utf-8")
           ~~~~~~~^^
  File "c:\viajeaventura\seguridad\seguridad.py", line 47, in _fernet
    raise RuntimeError(
        "Configure VIAJES_FERNET_KEY con una clave Fernet válida."
    )
RuntimeError: Configure VIAJES_FERNET_KEY con una clave Fernet válida.

2026-10-02 14:45:44,255 ERROR __main__: Error de configuración de seguridad en la interfaz de consola:
Traceback (most recent call last):
  File "C:\viajeaventura\main.py", line 308, in registrar_cliente
    auth.registrar_cliente(
    ~~~~~~~~~~~~~~~~~~~~~~^
        nombre,
        ^^^^^^^
    ...<3 lines>...
        password
        ^^^^^^^^
    )
    ^
  File "C:\viajeaventura\servicios\autenticacion_servicio.py", line 44, in registrar_cliente
    self.__cliente_repo.agregar(cliente)
    ~~~~~~~~~~~~~~~~~~~~~~~~~~~^^^^^^^^^
  File "C:\viajeaventura\repositorios\cliente_repositorio.py", line 42, in agregar
    if self.buscar_por_rut(cliente.rut):
       ~~~~~~~~~~~~~~~~~~~^^^^^^^^^^^^^
  File "C:\viajeaventura\repositorios\cliente_repositorio.py", line 159, in buscar_por_rut
    cliente = self.__desde_fila(fila)
  File "C:\viajeaventura\repositorios\cliente_repositorio.py", line 175, in __desde_fila
    decrypt_data(fila["rut"]),
    ~~~~~~~~~~~~^^^^^^^^^^^^^
  File "C:\viajeaventura\seguridad\seguridad.py", line 62, in decrypt_data
    return _fernet().decrypt(cipher_text.encode("ascii")).decode("utf-8")
           ~~~~~~~^^
  File "C:\viajeaventura\seguridad\seguridad.py", line 47, in _fernet
    raise RuntimeError(
        "Configure VIAJES_FERNET_KEY con una clave Fernet válida."
    )
RuntimeError: Configure VIAJES_FERNET_KEY con una clave Fernet válida.

2026-10-02 14:47:00,784 ERROR __main__: Error de configuración de seguridad en la interfaz de consola:
Traceback (most recent call last):
  File "C:\viajeaventura\main.py", line 308, in registrar_cliente
    auth.registrar_cliente(
    ~~~~~~~~~~~~~~~~~~~~~~^
        nombre,
        ^^^^^^^
    ...<3 lines>...
        password
        ^^^^^^^^
    )
    ^
  File "C:\viajeaventura\servicios\autenticacion_servicio.py", line 44, in registrar_cliente
    self.__cliente_repo.agregar(cliente)
    ~~~~~~~~~~~~~~~~~~~~~~~~~~~^^^^^^^^^
  File "C:\viajeaventura\repositorios\cliente_repositorio.py", line 42, in agregar
    if self.buscar_por_rut(cliente.rut):
       ~~~~~~~~~~~~~~~~~~~^^^^^^^^^^^^^
  File "C:\viajeaventura\repositorios\cliente_repositorio.py", line 159, in buscar_por_rut
    cliente = self.__desde_fila(fila)
  File "C:\viajeaventura\repositorios\cliente_repositorio.py", line 175, in __desde_fila
    decrypt_data(fila["rut"]),
    ~~~~~~~~~~~~^^^^^^^^^^^^^
  File "C:\viajeaventura\seguridad\seguridad.py", line 62, in decrypt_data
    return _fernet().decrypt(cipher_text.encode("ascii")).decode("utf-8")
           ~~~~~~~^^
  File "C:\viajeaventura\seguridad\seguridad.py", line 47, in _fernet
    raise RuntimeError(
        "Configure VIAJES_FERNET_KEY con una clave Fernet válida."
    )
RuntimeError: Configure VIAJES_FERNET_KEY con una clave Fernet válida.

